
> angular@0.0.0 start
> ng serve --host 0.0.0.0  --no-hmr --disable-host-check --port 3000

Warning: Running a server with --disable-host-check is a security risk. See https://medium.com/webpack/webpack-dev-server-middleware-security-issues-1489d950874a for more information.
The "disableHostCheck" option will not be used because it is not supported by the "@angular-devkit/build-angular:application" builder.
❯ Building...
✔ Building...
Application bundle generation failed. [2.582 seconds]

▲ [WARNING] TS-998113: RouterLink is not used within the template of DashboardComponent [plugin angular-compiler]

    src/app/features/dashboard/dashboard.component.ts:11:39:
      11 │   imports: [CommonModule, FormsModule, RouterLink],
         ╵                                        ~~~~~~~~~~


✘ [ERROR] TS2304: Cannot find name 'inject'. [plugin angular-compiler]

    src/app/core/api.service.ts:24:11:
      24 │     return inject(HttpClient).get<Customer[]>('/api/customers');
         ╵            ~~~~~~


✘ [ERROR] TS2304: Cannot find name 'inject'. [plugin angular-compiler]

    src/app/core/api.service.ts:29:11:
      29 │     return inject(HttpClient).post<Customer>('/api/customers', data);
         ╵            ~~~~~~


✘ [ERROR] TS2304: Cannot find name 'inject'. [plugin angular-compiler]

    src/app/core/api.service.ts:34:11:
      34 │     return inject(HttpClient).delete<void>(`/api/customers/${id}`);
         ╵            ~~~~~~


✘ [ERROR] TS2304: Cannot find name 'inject'. [plugin angular-compiler]

    src/app/core/api.service.ts:39:11:
      39 │     return inject(HttpClient).put<Customer>(`/api/customers/${id}`...
         ╵            ~~~~~~


✘ [ERROR] TS2304: Cannot find name 'inject'. [plugin angular-compiler]

    src/app/core/api.service.ts:44:11:
      44 │     return inject(HttpClient).get<Note[]>(`/api/customers/${custom...
         ╵            ~~~~~~


✘ [ERROR] TS2304: Cannot find name 'inject'. [plugin angular-compiler]

    src/app/core/api.service.ts:49:11:
      49 │     return inject(HttpClient).post<Note>(`/api/customers/${custome...
         ╵            ~~~~~~


Watch mode enabled. Watching for file changes...
